// Jest Snapshot v1, https://goo.gl/fbAQLP

exports[`Response - Snapshot 1`] = `
{
  "account": null,
  "accountStatusEvent": null,
  "block": null,
  "blockDigest": null,
  "blockHeader": null,
  "collection": null,
  "encodedData": null,
  "event": null,
  "events": null,
  "heartbeat": null,
  "latestBlock": null,
  "networkParameters": null,
  "nodeVersionInfo": null,
  "streamConnection": null,
  "tag": null,
  "transaction": null,
  "transactionId": null,
  "transactionStatus": null,
}
`;
