// Jest Snapshot v1, https://goo.gl/fbAQLP

exports[`Golden Path 1`] = `
Object {
  "accounts": Object {
    "foo": Object {
      "addr": "foo",
      "keyId": 1,
      "kind": "ACCOUNT",
      "resolve": null,
      "role": Object {
        "authorizer": false,
        "param": false,
        "payer": true,
        "proposer": false,
      },
      "sequenceNum": 123,
      "signature": "SIGNATURE",
      "signingFunction": [MockFunction] {
        "calls": Array [
          Array [
            Object {
              "addr": "foo",
              "args": Array [],
              "cadence": "",
              "data": Object {},
              "f_type": "Signable",
              "f_vsn": "1.0.1",
              "interaction": [Circular],
              "keyId": 1,
              "message": "464c4f572d56302e302d7472616e73616374696f6e0000000000000000000000f843f84080c0a00000000000000000000000000000000000000000000000000000000000000123819c870000000000000f017b870000000000000fc8870000000000000fc0",
              "roles": Object {
                "authorizer": false,
                "param": false,
                "payer": true,
                "proposer": false,
              },
              "voucher": Object {
                "arguments": Array [],
                "authorizers": Array [
                  "0xfoo",
                ],
                "cadence": "",
                "computeLimit": 156,
                "envelopeSigs": Array [
                  Object {
                    "address": "0xfoo",
                    "keyId": 1,
                    "sig": null,
                  },
                ],
                "payer": "0xfoo",
                "payloadSigs": Array [],
                "proposalKey": Object {
                  "address": "0xfoo",
                  "keyId": 1,
                  "sequenceNum": 123,
                },
                "refBlock": "123",
              },
            },
          ],
        ],
        "results": Array [
          Object {
            "type": "return",
            "value": Object {
              "addr": "foo",
              "keyId": 0,
              "signature": "SIGNATURE",
            },
          },
        ],
      },
      "tempId": "foo",
    },
  },
  "authorizations": Array [
    "foo",
  ],
  "message": Object {
    "arguments": Array [],
    "authorizations": Array [],
    "cadence": "",
    "computeLimit": 156,
    "params": Array [],
    "payer": null,
    "proposer": null,
    "refBlock": "123",
  },
  "payer": "foo",
  "proposer": "foo",
  "tag": "TRANSACTION",
}
`;
