// Jest Snapshot v1, https://goo.gl/fbAQLP

exports[`Golden Path 1`] = `
Object {
  "accounts": Object {
    "foo": Object {
      "addr": "foo",
      "keyId": 0,
      "sequenceNum": 0,
      "signature": "SIGNATURE",
      "signingFunction": [MockFunction] {
        "calls": Array [
          Array [
            Object {
              "addr": "foo",
              "interaction": [Circular],
              "keyId": 0,
              "message": "f845f84283666f6fc0a000000000000000000000000000000000000000000000000000000000000000000a870000000000000f8080870000000000000fc8870000000000000fc0",
              "roles": undefined,
            },
          ],
        ],
        "results": Array [
          Object {
            "type": "return",
            "value": Object {
              "addr": "foo",
              "address": "foo",
              "cid": "foo",
              "keyId": 0,
              "sig": "SIGNATURE",
              "signature": "SIGNATURE",
            },
          },
        ],
      },
    },
  },
  "authorizations": Array [
    "foo",
  ],
  "message": Object {
    "arguments": Array [],
    "cadence": "foo",
    "computeLimit": 10,
  },
  "payer": "foo",
  "proposer": "foo",
  "tag": 4,
}
`;
