// Jest Snapshot v1, https://goo.gl/fbAQLP

exports[`key:0 curve:0 hash:0 weight:0 1`] = `"b8400bfcd8790c3ce88f3fac9d4bd23514f48bf0cdd1f6c3c8bdf87b11489b1bbeca1ef805ec2ee76451e9bdb265284f78febaeacbc8b0827e0a7baafee4e655d0b5"`;

exports[`key:0 curve:0 hash:0 weight:1 1`] = `"b8400bfcd8790c3ce88f3fac9d4bd23514f48bf0cdd1f6c3c8bdf87b11489b1bbeca1ef805ec2ee76451e9bdb265284f78febaeacbc8b0827e0a7baafee4e655d0b5"`;

exports[`key:0 curve:0 hash:0 weight:2 1`] = `"b8400bfcd8790c3ce88f3fac9d4bd23514f48bf0cdd1f6c3c8bdf87b11489b1bbeca1ef805ec2ee76451e9bdb265284f78febaeacbc8b0827e0a7baafee4e655d0b5"`;

exports[`key:0 curve:0 hash:0 weight:3 1`] = `"b8400bfcd8790c3ce88f3fac9d4bd23514f48bf0cdd1f6c3c8bdf87b11489b1bbeca1ef805ec2ee76451e9bdb265284f78febaeacbc8b0827e0a7baafee4e655d0b5"`;

exports[`key:0 curve:0 hash:1 weight:0 1`] = `"b8400bfcd8790c3ce88f3fac9d4bd23514f48bf0cdd1f6c3c8bdf87b11489b1bbeca1ef805ec2ee76451e9bdb265284f78febaeacbc8b0827e0a7baafee4e655d0b5"`;

exports[`key:0 curve:0 hash:1 weight:1 1`] = `"b8400bfcd8790c3ce88f3fac9d4bd23514f48bf0cdd1f6c3c8bdf87b11489b1bbeca1ef805ec2ee76451e9bdb265284f78febaeacbc8b0827e0a7baafee4e655d0b5"`;

exports[`key:0 curve:0 hash:1 weight:2 1`] = `"b8400bfcd8790c3ce88f3fac9d4bd23514f48bf0cdd1f6c3c8bdf87b11489b1bbeca1ef805ec2ee76451e9bdb265284f78febaeacbc8b0827e0a7baafee4e655d0b5"`;

exports[`key:0 curve:0 hash:1 weight:3 1`] = `"b8400bfcd8790c3ce88f3fac9d4bd23514f48bf0cdd1f6c3c8bdf87b11489b1bbeca1ef805ec2ee76451e9bdb265284f78febaeacbc8b0827e0a7baafee4e655d0b5"`;

exports[`key:0 curve:1 hash:0 weight:0 1`] = `"b8400bfcd8790c3ce88f3fac9d4bd23514f48bf0cdd1f6c3c8bdf87b11489b1bbeca1ef805ec2ee76451e9bdb265284f78febaeacbc8b0827e0a7baafee4e655d0b5"`;

exports[`key:0 curve:1 hash:0 weight:1 1`] = `"b8400bfcd8790c3ce88f3fac9d4bd23514f48bf0cdd1f6c3c8bdf87b11489b1bbeca1ef805ec2ee76451e9bdb265284f78febaeacbc8b0827e0a7baafee4e655d0b5"`;

exports[`key:0 curve:1 hash:0 weight:2 1`] = `"b8400bfcd8790c3ce88f3fac9d4bd23514f48bf0cdd1f6c3c8bdf87b11489b1bbeca1ef805ec2ee76451e9bdb265284f78febaeacbc8b0827e0a7baafee4e655d0b5"`;

exports[`key:0 curve:1 hash:0 weight:3 1`] = `"b8400bfcd8790c3ce88f3fac9d4bd23514f48bf0cdd1f6c3c8bdf87b11489b1bbeca1ef805ec2ee76451e9bdb265284f78febaeacbc8b0827e0a7baafee4e655d0b5"`;

exports[`key:0 curve:1 hash:1 weight:0 1`] = `"b8400bfcd8790c3ce88f3fac9d4bd23514f48bf0cdd1f6c3c8bdf87b11489b1bbeca1ef805ec2ee76451e9bdb265284f78febaeacbc8b0827e0a7baafee4e655d0b5"`;

exports[`key:0 curve:1 hash:1 weight:1 1`] = `"b8400bfcd8790c3ce88f3fac9d4bd23514f48bf0cdd1f6c3c8bdf87b11489b1bbeca1ef805ec2ee76451e9bdb265284f78febaeacbc8b0827e0a7baafee4e655d0b5"`;

exports[`key:0 curve:1 hash:1 weight:2 1`] = `"b8400bfcd8790c3ce88f3fac9d4bd23514f48bf0cdd1f6c3c8bdf87b11489b1bbeca1ef805ec2ee76451e9bdb265284f78febaeacbc8b0827e0a7baafee4e655d0b5"`;

exports[`key:0 curve:1 hash:1 weight:3 1`] = `"b8400bfcd8790c3ce88f3fac9d4bd23514f48bf0cdd1f6c3c8bdf87b11489b1bbeca1ef805ec2ee76451e9bdb265284f78febaeacbc8b0827e0a7baafee4e655d0b5"`;

exports[`key:1 curve:0 hash:0 weight:0 1`] = `"b84092b3189b1a3b5d01fd807efbda46524d2ae4802b4c4a24ae571fd02da4bf9b8855ee51c7710f6a5b39f1097677dbb8c36a8268fa90011edc94d9d6028d8c9f47"`;

exports[`key:1 curve:0 hash:0 weight:1 1`] = `"b84092b3189b1a3b5d01fd807efbda46524d2ae4802b4c4a24ae571fd02da4bf9b8855ee51c7710f6a5b39f1097677dbb8c36a8268fa90011edc94d9d6028d8c9f47"`;

exports[`key:1 curve:0 hash:0 weight:2 1`] = `"b84092b3189b1a3b5d01fd807efbda46524d2ae4802b4c4a24ae571fd02da4bf9b8855ee51c7710f6a5b39f1097677dbb8c36a8268fa90011edc94d9d6028d8c9f47"`;

exports[`key:1 curve:0 hash:0 weight:3 1`] = `"b84092b3189b1a3b5d01fd807efbda46524d2ae4802b4c4a24ae571fd02da4bf9b8855ee51c7710f6a5b39f1097677dbb8c36a8268fa90011edc94d9d6028d8c9f47"`;

exports[`key:1 curve:0 hash:1 weight:0 1`] = `"b84092b3189b1a3b5d01fd807efbda46524d2ae4802b4c4a24ae571fd02da4bf9b8855ee51c7710f6a5b39f1097677dbb8c36a8268fa90011edc94d9d6028d8c9f47"`;

exports[`key:1 curve:0 hash:1 weight:1 1`] = `"b84092b3189b1a3b5d01fd807efbda46524d2ae4802b4c4a24ae571fd02da4bf9b8855ee51c7710f6a5b39f1097677dbb8c36a8268fa90011edc94d9d6028d8c9f47"`;

exports[`key:1 curve:0 hash:1 weight:2 1`] = `"b84092b3189b1a3b5d01fd807efbda46524d2ae4802b4c4a24ae571fd02da4bf9b8855ee51c7710f6a5b39f1097677dbb8c36a8268fa90011edc94d9d6028d8c9f47"`;

exports[`key:1 curve:0 hash:1 weight:3 1`] = `"b84092b3189b1a3b5d01fd807efbda46524d2ae4802b4c4a24ae571fd02da4bf9b8855ee51c7710f6a5b39f1097677dbb8c36a8268fa90011edc94d9d6028d8c9f47"`;

exports[`key:1 curve:1 hash:0 weight:0 1`] = `"b84092b3189b1a3b5d01fd807efbda46524d2ae4802b4c4a24ae571fd02da4bf9b8855ee51c7710f6a5b39f1097677dbb8c36a8268fa90011edc94d9d6028d8c9f47"`;

exports[`key:1 curve:1 hash:0 weight:1 1`] = `"b84092b3189b1a3b5d01fd807efbda46524d2ae4802b4c4a24ae571fd02da4bf9b8855ee51c7710f6a5b39f1097677dbb8c36a8268fa90011edc94d9d6028d8c9f47"`;

exports[`key:1 curve:1 hash:0 weight:2 1`] = `"b84092b3189b1a3b5d01fd807efbda46524d2ae4802b4c4a24ae571fd02da4bf9b8855ee51c7710f6a5b39f1097677dbb8c36a8268fa90011edc94d9d6028d8c9f47"`;

exports[`key:1 curve:1 hash:0 weight:3 1`] = `"b84092b3189b1a3b5d01fd807efbda46524d2ae4802b4c4a24ae571fd02da4bf9b8855ee51c7710f6a5b39f1097677dbb8c36a8268fa90011edc94d9d6028d8c9f47"`;

exports[`key:1 curve:1 hash:1 weight:0 1`] = `"b84092b3189b1a3b5d01fd807efbda46524d2ae4802b4c4a24ae571fd02da4bf9b8855ee51c7710f6a5b39f1097677dbb8c36a8268fa90011edc94d9d6028d8c9f47"`;

exports[`key:1 curve:1 hash:1 weight:1 1`] = `"b84092b3189b1a3b5d01fd807efbda46524d2ae4802b4c4a24ae571fd02da4bf9b8855ee51c7710f6a5b39f1097677dbb8c36a8268fa90011edc94d9d6028d8c9f47"`;

exports[`key:1 curve:1 hash:1 weight:2 1`] = `"b84092b3189b1a3b5d01fd807efbda46524d2ae4802b4c4a24ae571fd02da4bf9b8855ee51c7710f6a5b39f1097677dbb8c36a8268fa90011edc94d9d6028d8c9f47"`;

exports[`key:1 curve:1 hash:1 weight:3 1`] = `"b84092b3189b1a3b5d01fd807efbda46524d2ae4802b4c4a24ae571fd02da4bf9b8855ee51c7710f6a5b39f1097677dbb8c36a8268fa90011edc94d9d6028d8c9f47"`;

exports[`key:2 curve:0 hash:0 weight:0 1`] = `"b840da19babe1066af1a75139b43c4f7ee2872d12d1ebdb21fd5d471ae74eb26f1912513ef59057086208c1ed0583f8eac714c90f6412f08f1d86f0ddf69189a13aa"`;

exports[`key:2 curve:0 hash:0 weight:1 1`] = `"b840da19babe1066af1a75139b43c4f7ee2872d12d1ebdb21fd5d471ae74eb26f1912513ef59057086208c1ed0583f8eac714c90f6412f08f1d86f0ddf69189a13aa"`;

exports[`key:2 curve:0 hash:0 weight:2 1`] = `"b840da19babe1066af1a75139b43c4f7ee2872d12d1ebdb21fd5d471ae74eb26f1912513ef59057086208c1ed0583f8eac714c90f6412f08f1d86f0ddf69189a13aa"`;

exports[`key:2 curve:0 hash:0 weight:3 1`] = `"b840da19babe1066af1a75139b43c4f7ee2872d12d1ebdb21fd5d471ae74eb26f1912513ef59057086208c1ed0583f8eac714c90f6412f08f1d86f0ddf69189a13aa"`;

exports[`key:2 curve:0 hash:1 weight:0 1`] = `"b840da19babe1066af1a75139b43c4f7ee2872d12d1ebdb21fd5d471ae74eb26f1912513ef59057086208c1ed0583f8eac714c90f6412f08f1d86f0ddf69189a13aa"`;

exports[`key:2 curve:0 hash:1 weight:1 1`] = `"b840da19babe1066af1a75139b43c4f7ee2872d12d1ebdb21fd5d471ae74eb26f1912513ef59057086208c1ed0583f8eac714c90f6412f08f1d86f0ddf69189a13aa"`;

exports[`key:2 curve:0 hash:1 weight:2 1`] = `"b840da19babe1066af1a75139b43c4f7ee2872d12d1ebdb21fd5d471ae74eb26f1912513ef59057086208c1ed0583f8eac714c90f6412f08f1d86f0ddf69189a13aa"`;

exports[`key:2 curve:0 hash:1 weight:3 1`] = `"b840da19babe1066af1a75139b43c4f7ee2872d12d1ebdb21fd5d471ae74eb26f1912513ef59057086208c1ed0583f8eac714c90f6412f08f1d86f0ddf69189a13aa"`;

exports[`key:2 curve:1 hash:0 weight:0 1`] = `"b840da19babe1066af1a75139b43c4f7ee2872d12d1ebdb21fd5d471ae74eb26f1912513ef59057086208c1ed0583f8eac714c90f6412f08f1d86f0ddf69189a13aa"`;

exports[`key:2 curve:1 hash:0 weight:1 1`] = `"b840da19babe1066af1a75139b43c4f7ee2872d12d1ebdb21fd5d471ae74eb26f1912513ef59057086208c1ed0583f8eac714c90f6412f08f1d86f0ddf69189a13aa"`;

exports[`key:2 curve:1 hash:0 weight:2 1`] = `"b840da19babe1066af1a75139b43c4f7ee2872d12d1ebdb21fd5d471ae74eb26f1912513ef59057086208c1ed0583f8eac714c90f6412f08f1d86f0ddf69189a13aa"`;

exports[`key:2 curve:1 hash:0 weight:3 1`] = `"b840da19babe1066af1a75139b43c4f7ee2872d12d1ebdb21fd5d471ae74eb26f1912513ef59057086208c1ed0583f8eac714c90f6412f08f1d86f0ddf69189a13aa"`;

exports[`key:2 curve:1 hash:1 weight:0 1`] = `"b840da19babe1066af1a75139b43c4f7ee2872d12d1ebdb21fd5d471ae74eb26f1912513ef59057086208c1ed0583f8eac714c90f6412f08f1d86f0ddf69189a13aa"`;

exports[`key:2 curve:1 hash:1 weight:1 1`] = `"b840da19babe1066af1a75139b43c4f7ee2872d12d1ebdb21fd5d471ae74eb26f1912513ef59057086208c1ed0583f8eac714c90f6412f08f1d86f0ddf69189a13aa"`;

exports[`key:2 curve:1 hash:1 weight:2 1`] = `"b840da19babe1066af1a75139b43c4f7ee2872d12d1ebdb21fd5d471ae74eb26f1912513ef59057086208c1ed0583f8eac714c90f6412f08f1d86f0ddf69189a13aa"`;

exports[`key:2 curve:1 hash:1 weight:3 1`] = `"b840da19babe1066af1a75139b43c4f7ee2872d12d1ebdb21fd5d471ae74eb26f1912513ef59057086208c1ed0583f8eac714c90f6412f08f1d86f0ddf69189a13aa"`;
