// Jest Snapshot v1, https://goo.gl/fbAQLP

exports[`encode provable authn encode provable authn with appTag 1`] = `"464c4f572d56302e302d75736572000000000000000000000000000000000000f850b8403436346334663537326434613533326435333434346230303030303030303030303030303030303030303030303030303030303030303030303030303030303086abc123def45686017c05815137"`;

exports[`encode provable authn encode provable authn without appTag 1`] = `"464c4f572d56302e302d75736572000000000000000000000000000000000000ce86abc123def45686017c05815137"`;
